exports[`tux.use should throw when createElement is not a function 1`] = `"[tux.use] createElement should be a function."`;

exports[`tux.use should throw when wrapClientRender is not a function 1`] = `"[tux.use] wrapClientRender should be a function."`;

exports[`tux.use should throw when wrapServerRender is not a function 1`] = `"[tux.use] wrapServerRender should be a function."`;
